21:44:13 **** Incremental Build of configuration Debug for project AUTO_PID_F3 ****
Info: Internal Builder is used for build
arm-atollic-eabi-gcc -c -mthumb -mcpu=cortex-m4 -mfloat-abi=hard -mfpu=fpv4-sp-d16 -std=gnu11 -DUSE_HAL_DRIVER -DSTM32F334x8 -I../Core/Inc -I../Drivers/STM32F3xx_HAL_Driver/Inc -I../Drivers/STM32F3xx_HAL_Driver/Inc/Legacy -I../Drivers/CMSIS/Device/ST/STM32F3xx/Include -I../Drivers/CMSIS/Include -O0 -ffunction-sections -fdata-sections -g -fstack-usage -Wall -specs=nano.specs -o Core\Src\main.o ..\Core\Src\main.c 
arm-atollic-eabi-gcc -c -mthumb -mcpu=cortex-m4 -mfloat-abi=hard -mfpu=fpv4-sp-d16 -std=gnu11 -DUSE_HAL_DRIVER -DSTM32F334x8 -I../Core/Inc -I../Drivers/STM32F3xx_HAL_Driver/Inc -I../Drivers/STM32F3xx_HAL_Driver/Inc/Legacy -I../Drivers/CMSIS/Device/ST/STM32F3xx/Include -I../Drivers/CMSIS/Include -O0 -ffunction-sections -fdata-sections -g -fstack-usage -Wall -specs=nano.specs -o Core\Src\adc.o ..\Core\Src\adc.c 
arm-atollic-eabi-gcc -o AUTO_PID_F3.elf Core\Src\adc.o Core\Src\dma.o Core\Src\gpio.o Core\Src\hrtim.o Core\Src\main.o Core\Src\stm32f3xx_hal_msp.o Core\Src\stm32f3xx_it.o Core\Src\syscalls.o Core\Src\system_stm32f3xx.o Core\Src\tim.o Drivers\STM32F3xx_HAL_Driver\Src\stm32f3xx_hal.o Drivers\STM32F3xx_HAL_Driver\Src\stm32f3xx_hal_adc.o Drivers\STM32F3xx_HAL_Driver\Src\stm32f3xx_hal_adc_ex.o Drivers\STM32F3xx_HAL_Driver\Src\stm32f3xx_hal_cortex.o Drivers\STM32F3xx_HAL_Driver\Src\stm32f3xx_hal_dma.o Drivers\STM32F3xx_HAL_Driver\Src\stm32f3xx_hal_exti.o Drivers\STM32F3xx_HAL_Driver\Src\stm32f3xx_hal_flash.o Drivers\STM32F3xx_HAL_Driver\Src\stm32f3xx_hal_flash_ex.o Drivers\STM32F3xx_HAL_Driver\Src\stm32f3xx_hal_gpio.o Drivers\STM32F3xx_HAL_Driver\Src\stm32f3xx_hal_hrtim.o Drivers\STM32F3xx_HAL_Driver\Src\stm32f3xx_hal_i2c.o Drivers\STM32F3xx_HAL_Driver\Src\stm32f3xx_hal_i2c_ex.o Drivers\STM32F3xx_HAL_Driver\Src\stm32f3xx_hal_pwr.o Drivers\STM32F3xx_HAL_Driver\Src\stm32f3xx_hal_pwr_ex.o Drivers\STM32F3xx_HAL_Driver\Src\stm32f3xx_hal_rcc.o Drivers\STM32F3xx_HAL_Driver\Src\stm32f3xx_hal_rcc_ex.o Drivers\STM32F3xx_HAL_Driver\Src\stm32f3xx_hal_tim.o Drivers\STM32F3xx_HAL_Driver\Src\stm32f3xx_hal_tim_ex.o startup\startup_stm32f334x8.o -mthumb -mcpu=cortex-m4 -mfloat-abi=hard -mfpu=fpv4-sp-d16 -T../Debug_STM32F334C8_FLASH.ld -specs=nosys.specs -static -Wl,-Map=AUTO_PID_F3.map -Wl,--gc-sections -Wl,--defsym=malloc_getpagesize_P=0x80 -Wl,--start-group -lc -lm -Wl,--end-group -specs=nano.specs 
C:\Program Files (x86)\Atollic\TrueSTUDIO for STM32 9.3.0\ide\jre\bin\java -jar C:\Program Files (x86)\Atollic\TrueSTUDIO for STM32 9.3.0\Tools\arm-atollic-reports.jar sizeinfo list AUTO_PID_F3.elf 
Generate build reports...
Print size information
   text	   data	    bss	    dec	    hex	filename
  16488	     20	    612	  17120	   42e0	AUTO_PID_F3.elf
Print size information done
Generate listing file
Output sent to: AUTO_PID_F3.list
Generate listing file done
Generate build reports done
arm-atollic-eabi-objcopy.exe -O ihex AUTO_PID_F3.elf AUTO_PID_F3.hex 
Info: Nothing to build for AUTO_PID_F3
Info: Nothing to build for AUTO_PID_F3
21:45:45 **** Incremental Build of configuration Debug for project AUTO_PID_F3 ****
Info: Internal Builder is used for build
arm-atollic-eabi-gcc -c -mthumb -mcpu=cortex-m4 -mfloat-abi=hard -mfpu=fpv4-sp-d16 -std=gnu11 -DUSE_HAL_DRIVER -DSTM32F334x8 -I../Core/Inc -I../Drivers/STM32F3xx_HAL_Driver/Inc -I../Drivers/STM32F3xx_HAL_Driver/Inc/Legacy -I../Drivers/CMSIS/Device/ST/STM32F3xx/Include -I../Drivers/CMSIS/Include -O0 -ffunction-sections -fdata-sections -g -fstack-usage -Wall -specs=nano.specs -o Core\Src\main.o ..\Core\Src\main.c 
arm-atollic-eabi-gcc -o AUTO_PID_F3.elf Core\Src\adc.o Core\Src\dma.o Core\Src\gpio.o Core\Src\hrtim.o Core\Src\main.o Core\Src\stm32f3xx_hal_msp.o Core\Src\stm32f3xx_it.o Core\Src\syscalls.o Core\Src\system_stm32f3xx.o Core\Src\tim.o Drivers\STM32F3xx_HAL_Driver\Src\stm32f3xx_hal.o Drivers\STM32F3xx_HAL_Driver\Src\stm32f3xx_hal_adc.o Drivers\STM32F3xx_HAL_Driver\Src\stm32f3xx_hal_adc_ex.o Drivers\STM32F3xx_HAL_Driver\Src\stm32f3xx_hal_cortex.o Drivers\STM32F3xx_HAL_Driver\Src\stm32f3xx_hal_dma.o Drivers\STM32F3xx_HAL_Driver\Src\stm32f3xx_hal_exti.o Drivers\STM32F3xx_HAL_Driver\Src\stm32f3xx_hal_flash.o Drivers\STM32F3xx_HAL_Driver\Src\stm32f3xx_hal_flash_ex.o Drivers\STM32F3xx_HAL_Driver\Src\stm32f3xx_hal_gpio.o Drivers\STM32F3xx_HAL_Driver\Src\stm32f3xx_hal_hrtim.o Drivers\STM32F3xx_HAL_Driver\Src\stm32f3xx_hal_i2c.o Drivers\STM32F3xx_HAL_Driver\Src\stm32f3xx_hal_i2c_ex.o Drivers\STM32F3xx_HAL_Driver\Src\stm32f3xx_hal_pwr.o Drivers\STM32F3xx_HAL_Driver\Src\stm32f3xx_hal_pwr_ex.o Drivers\STM32F3xx_HAL_Driver\Src\stm32f3xx_hal_rcc.o Drivers\STM32F3xx_HAL_Driver\Src\stm32f3xx_hal_rcc_ex.o Drivers\STM32F3xx_HAL_Driver\Src\stm32f3xx_hal_tim.o Drivers\STM32F3xx_HAL_Driver\Src\stm32f3xx_hal_tim_ex.o startup\startup_stm32f334x8.o -mthumb -mcpu=cortex-m4 -mfloat-abi=hard -mfpu=fpv4-sp-d16 -T../Debug_STM32F334C8_FLASH.ld -specs=nosys.specs -static -Wl,-Map=AUTO_PID_F3.map -Wl,--gc-sections -Wl,--defsym=malloc_getpagesize_P=0x80 -Wl,--start-group -lc -lm -Wl,--end-group -specs=nano.specs 
C:\Program Files (x86)\Atollic\TrueSTUDIO for STM32 9.3.0\ide\jre\bin\java -jar C:\Program Files (x86)\Atollic\TrueSTUDIO for STM32 9.3.0\Tools\arm-atollic-reports.jar sizeinfo list AUTO_PID_F3.elf 
Generate build reports...
Print size information
   text	   data	    bss	    dec	    hex	filename
  16720	     44	    612	  17376	   43e0	AUTO_PID_F3.elf
Print size information done
Generate listing file
Output sent to: AUTO_PID_F3.list
Generate listing file done
Generate build reports done
arm-atollic-eabi-objcopy.exe -O ihex AUTO_PID_F3.elf AUTO_PID_F3.hex 
21:46:29 **** Incremental Build of configuration Debug for project AUTO_PID_F3 ****
Info: Internal Builder is used for build
arm-atollic-eabi-gcc -c -mthumb -mcpu=cortex-m4 -mfloat-abi=hard -mfpu=fpv4-sp-d16 -std=gnu11 -DUSE_HAL_DRIVER -DSTM32F334x8 -I../Core/Inc -I../Drivers/STM32F3xx_HAL_Driver/Inc -I../Drivers/STM32F3xx_HAL_Driver/Inc/Legacy -I../Drivers/CMSIS/Device/ST/STM32F3xx/Include -I../Drivers/CMSIS/Include -O0 -ffunction-sections -fdata-sections -g -fstack-usage -Wall -specs=nano.specs -o Core\Src\main.o ..\Core\Src\main.c 
arm-atollic-eabi-gcc -o AUTO_PID_F3.elf Core\Src\adc.o Core\Src\dma.o Core\Src\gpio.o Core\Src\hrtim.o Core\Src\main.o Core\Src\stm32f3xx_hal_msp.o Core\Src\stm32f3xx_it.o Core\Src\syscalls.o Core\Src\system_stm32f3xx.o Core\Src\tim.o Drivers\STM32F3xx_HAL_Driver\Src\stm32f3xx_hal.o Drivers\STM32F3xx_HAL_Driver\Src\stm32f3xx_hal_adc.o Drivers\STM32F3xx_HAL_Driver\Src\stm32f3xx_hal_adc_ex.o Drivers\STM32F3xx_HAL_Driver\Src\stm32f3xx_hal_cortex.o Drivers\STM32F3xx_HAL_Driver\Src\stm32f3xx_hal_dma.o Drivers\STM32F3xx_HAL_Driver\Src\stm32f3xx_hal_exti.o Drivers\STM32F3xx_HAL_Driver\Src\stm32f3xx_hal_flash.o Drivers\STM32F3xx_HAL_Driver\Src\stm32f3xx_hal_flash_ex.o Drivers\STM32F3xx_HAL_Driver\Src\stm32f3xx_hal_gpio.o Drivers\STM32F3xx_HAL_Driver\Src\stm32f3xx_hal_hrtim.o Drivers\STM32F3xx_HAL_Driver\Src\stm32f3xx_hal_i2c.o Drivers\STM32F3xx_HAL_Driver\Src\stm32f3xx_hal_i2c_ex.o Drivers\STM32F3xx_HAL_Driver\Src\stm32f3xx_hal_pwr.o Drivers\STM32F3xx_HAL_Driver\Src\stm32f3xx_hal_pwr_ex.o Drivers\STM32F3xx_HAL_Driver\Src\stm32f3xx_hal_rcc.o Drivers\STM32F3xx_HAL_Driver\Src\stm32f3xx_hal_rcc_ex.o Drivers\STM32F3xx_HAL_Driver\Src\stm32f3xx_hal_tim.o Drivers\STM32F3xx_HAL_Driver\Src\stm32f3xx_hal_tim_ex.o startup\startup_stm32f334x8.o -mthumb -mcpu=cortex-m4 -mfloat-abi=hard -mfpu=fpv4-sp-d16 -T../Debug_STM32F334C8_FLASH.ld -specs=nosys.specs -static -Wl,-Map=AUTO_PID_F3.map -Wl,--gc-sections -Wl,--defsym=malloc_getpagesize_P=0x80 -Wl,--start-group -lc -lm -Wl,--end-group -specs=nano.specs 
C:\Program Files (x86)\Atollic\TrueSTUDIO for STM32 9.3.0\ide\jre\bin\java -jar C:\Program Files (x86)\Atollic\TrueSTUDIO for STM32 9.3.0\Tools\arm-atollic-reports.jar sizeinfo list AUTO_PID_F3.elf 
Generate build reports...
Print size information
   text	   data	    bss	    dec	    hex	filename
  16720	     44	    612	  17376	   43e0	AUTO_PID_F3.elf
Print size information done
Generate listing file
Output sent to: AUTO_PID_F3.list
Generate listing file done
Generate build reports done
arm-atollic-eabi-objcopy.exe -O ihex AUTO_PID_F3.elf AUTO_PID_F3.hex 
21:46:56 **** Incremental Build of configuration Debug for project AUTO_PID_F3 ****
Info: Internal Builder is used for build
arm-atollic-eabi-gcc -c -mthumb -mcpu=cortex-m4 -mfloat-abi=hard -mfpu=fpv4-sp-d16 -std=gnu11 -DUSE_HAL_DRIVER -DSTM32F334x8 -I../Core/Inc -I../Drivers/STM32F3xx_HAL_Driver/Inc -I../Drivers/STM32F3xx_HAL_Driver/Inc/Legacy -I../Drivers/CMSIS/Device/ST/STM32F3xx/Include -I../Drivers/CMSIS/Include -O0 -ffunction-sections -fdata-sections -g -fstack-usage -Wall -specs=nano.specs -o Core\Src\main.o ..\Core\Src\main.c 
arm-atollic-eabi-gcc -o AUTO_PID_F3.elf Core\Src\adc.o Core\Src\dma.o Core\Src\gpio.o Core\Src\hrtim.o Core\Src\main.o Core\Src\stm32f3xx_hal_msp.o Core\Src\stm32f3xx_it.o Core\Src\syscalls.o Core\Src\system_stm32f3xx.o Core\Src\tim.o Drivers\STM32F3xx_HAL_Driver\Src\stm32f3xx_hal.o Drivers\STM32F3xx_HAL_Driver\Src\stm32f3xx_hal_adc.o Drivers\STM32F3xx_HAL_Driver\Src\stm32f3xx_hal_adc_ex.o Drivers\STM32F3xx_HAL_Driver\Src\stm32f3xx_hal_cortex.o Drivers\STM32F3xx_HAL_Driver\Src\stm32f3xx_hal_dma.o Drivers\STM32F3xx_HAL_Driver\Src\stm32f3xx_hal_exti.o Drivers\STM32F3xx_HAL_Driver\Src\stm32f3xx_hal_flash.o Drivers\STM32F3xx_HAL_Driver\Src\stm32f3xx_hal_flash_ex.o Drivers\STM32F3xx_HAL_Driver\Src\stm32f3xx_hal_gpio.o Drivers\STM32F3xx_HAL_Driver\Src\stm32f3xx_hal_hrtim.o Drivers\STM32F3xx_HAL_Driver\Src\stm32f3xx_hal_i2c.o Drivers\STM32F3xx_HAL_Driver\Src\stm32f3xx_hal_i2c_ex.o Drivers\STM32F3xx_HAL_Driver\Src\stm32f3xx_hal_pwr.o Drivers\STM32F3xx_HAL_Driver\Src\stm32f3xx_hal_pwr_ex.o Drivers\STM32F3xx_HAL_Driver\Src\stm32f3xx_hal_rcc.o Drivers\STM32F3xx_HAL_Driver\Src\stm32f3xx_hal_rcc_ex.o Drivers\STM32F3xx_HAL_Driver\Src\stm32f3xx_hal_tim.o Drivers\STM32F3xx_HAL_Driver\Src\stm32f3xx_hal_tim_ex.o startup\startup_stm32f334x8.o -mthumb -mcpu=cortex-m4 -mfloat-abi=hard -mfpu=fpv4-sp-d16 -T../Debug_STM32F334C8_FLASH.ld -specs=nosys.specs -static -Wl,-Map=AUTO_PID_F3.map -Wl,--gc-sections -Wl,--defsym=malloc_getpagesize_P=0x80 -Wl,--start-group -lc -lm -Wl,--end-group -specs=nano.specs 
C:\Program Files (x86)\Atollic\TrueSTUDIO for STM32 9.3.0\ide\jre\bin\java -jar C:\Program Files (x86)\Atollic\TrueSTUDIO for STM32 9.3.0\Tools\arm-atollic-reports.jar sizeinfo list AUTO_PID_F3.elf 
Generate build reports...
Print size information
   text	   data	    bss	    dec	    hex	filename
  16644	     44	    612	  17300	   4394	AUTO_PID_F3.elf
Print size information done
Generate listing file
Output sent to: AUTO_PID_F3.list
Generate listing file done
Generate build reports done
arm-atollic-eabi-objcopy.exe -O ihex AUTO_PID_F3.elf AUTO_PID_F3.hex 
21:52:12 **** Incremental Build of configuration Debug for project AUTO_PID_F3 ****
Info: Internal Builder is used for build
arm-atollic-eabi-gcc -c -mthumb -mcpu=cortex-m4 -mfloat-abi=hard -mfpu=fpv4-sp-d16 -std=gnu11 -DUSE_HAL_DRIVER -DSTM32F334x8 -I../Core/Inc -I../Drivers/STM32F3xx_HAL_Driver/Inc -I../Drivers/STM32F3xx_HAL_Driver/Inc/Legacy -I../Drivers/CMSIS/Device/ST/STM32F3xx/Include -I../Drivers/CMSIS/Include -O0 -ffunction-sections -fdata-sections -g -fstack-usage -Wall -specs=nano.specs -o Core\Src\adc.o ..\Core\Src\adc.c 
arm-atollic-eabi-gcc -c -mthumb -mcpu=cortex-m4 -mfloat-abi=hard -mfpu=fpv4-sp-d16 -std=gnu11 -DUSE_HAL_DRIVER -DSTM32F334x8 -I../Core/Inc -I../Drivers/STM32F3xx_HAL_Driver/Inc -I../Drivers/STM32F3xx_HAL_Driver/Inc/Legacy -I../Drivers/CMSIS/Device/ST/STM32F3xx/Include -I../Drivers/CMSIS/Include -O0 -ffunction-sections -fdata-sections -g -fstack-usage -Wall -specs=nano.specs -o Core\Src\main.o ..\Core\Src\main.c 
..\Core\Src\main.c: In function 'main':
..\Core\Src\main.c:116:10: warning: 'ii' is used uninitialized in this function [-Wuninitialized]
 I_out[ii]=HAL_ADC_GetValue(&hadc1);
 ~~~~~~~~~^~~~~~~~~~~~~~~~~~~~~~~~~
arm-atollic-eabi-gcc -o AUTO_PID_F3.elf Core\Src\adc.o Core\Src\dma.o Core\Src\gpio.o Core\Src\hrtim.o Core\Src\main.o Core\Src\stm32f3xx_hal_msp.o Core\Src\stm32f3xx_it.o Core\Src\syscalls.o Core\Src\system_stm32f3xx.o Core\Src\tim.o Drivers\STM32F3xx_HAL_Driver\Src\stm32f3xx_hal.o Drivers\STM32F3xx_HAL_Driver\Src\stm32f3xx_hal_adc.o Drivers\STM32F3xx_HAL_Driver\Src\stm32f3xx_hal_adc_ex.o Drivers\STM32F3xx_HAL_Driver\Src\stm32f3xx_hal_cortex.o Drivers\STM32F3xx_HAL_Driver\Src\stm32f3xx_hal_dma.o Drivers\STM32F3xx_HAL_Driver\Src\stm32f3xx_hal_exti.o Drivers\STM32F3xx_HAL_Driver\Src\stm32f3xx_hal_flash.o Drivers\STM32F3xx_HAL_Driver\Src\stm32f3xx_hal_flash_ex.o Drivers\STM32F3xx_HAL_Driver\Src\stm32f3xx_hal_gpio.o Drivers\STM32F3xx_HAL_Driver\Src\stm32f3xx_hal_hrtim.o Drivers\STM32F3xx_HAL_Driver\Src\stm32f3xx_hal_i2c.o Drivers\STM32F3xx_HAL_Driver\Src\stm32f3xx_hal_i2c_ex.o Drivers\STM32F3xx_HAL_Driver\Src\stm32f3xx_hal_pwr.o Drivers\STM32F3xx_HAL_Driver\Src\stm32f3xx_hal_pwr_ex.o Drivers\STM32F3xx_HAL_Driver\Src\stm32f3xx_hal_rcc.o Drivers\STM32F3xx_HAL_Driver\Src\stm32f3xx_hal_rcc_ex.o Drivers\STM32F3xx_HAL_Driver\Src\stm32f3xx_hal_tim.o Drivers\STM32F3xx_HAL_Driver\Src\stm32f3xx_hal_tim_ex.o startup\startup_stm32f334x8.o -mthumb -mcpu=cortex-m4 -mfloat-abi=hard -mfpu=fpv4-sp-d16 -T../Debug_STM32F334C8_FLASH.ld -specs=nosys.specs -static -Wl,-Map=AUTO_PID_F3.map -Wl,--gc-sections -Wl,--defsym=malloc_getpagesize_P=0x80 -Wl,--start-group -lc -lm -Wl,--end-group -specs=nano.specs 
C:\Program Files (x86)\Atollic\TrueSTUDIO for STM32 9.3.0\ide\jre\bin\java -jar C:\Program Files (x86)\Atollic\TrueSTUDIO for STM32 9.3.0\Tools\arm-atollic-reports.jar sizeinfo list AUTO_PID_F3.elf 
Generate build reports...
Print size information
   text	   data	    bss	    dec	    hex	filename
  15768	     20	    612	  16400	   4010	AUTO_PID_F3.elf
Print size information done
Generate listing file
Output sent to: AUTO_PID_F3.list
Generate listing file done
Generate build reports done
arm-atollic-eabi-objcopy.exe -O ihex AUTO_PID_F3.elf AUTO_PID_F3.hex 
21:53:20 **** Incremental Build of configuration Debug for project AUTO_PID_F3 ****
Info: Internal Builder is used for build
arm-atollic-eabi-gcc -c -mthumb -mcpu=cortex-m4 -mfloat-abi=hard -mfpu=fpv4-sp-d16 -std=gnu11 -DUSE_HAL_DRIVER -DSTM32F334x8 -I../Core/Inc -I../Drivers/STM32F3xx_HAL_Driver/Inc -I../Drivers/STM32F3xx_HAL_Driver/Inc/Legacy -I../Drivers/CMSIS/Device/ST/STM32F3xx/Include -I../Drivers/CMSIS/Include -O0 -ffunction-sections -fdata-sections -g -fstack-usage -Wall -specs=nano.specs -o Core\Src\main.o ..\Core\Src\main.c 
..\Core\Src\main.c: In function 'main':
..\Core\Src\main.c:108:5: warning: variable 'ii' set but not used [-Wunused-but-set-variable]
 int ii;
     ^~
arm-atollic-eabi-gcc -o AUTO_PID_F3.elf Core\Src\adc.o Core\Src\dma.o Core\Src\gpio.o Core\Src\hrtim.o Core\Src\main.o Core\Src\stm32f3xx_hal_msp.o Core\Src\stm32f3xx_it.o Core\Src\syscalls.o Core\Src\system_stm32f3xx.o Core\Src\tim.o Drivers\STM32F3xx_HAL_Driver\Src\stm32f3xx_hal.o Drivers\STM32F3xx_HAL_Driver\Src\stm32f3xx_hal_adc.o Drivers\STM32F3xx_HAL_Driver\Src\stm32f3xx_hal_adc_ex.o Drivers\STM32F3xx_HAL_Driver\Src\stm32f3xx_hal_cortex.o Drivers\STM32F3xx_HAL_Driver\Src\stm32f3xx_hal_dma.o Drivers\STM32F3xx_HAL_Driver\Src\stm32f3xx_hal_exti.o Drivers\STM32F3xx_HAL_Driver\Src\stm32f3xx_hal_flash.o Drivers\STM32F3xx_HAL_Driver\Src\stm32f3xx_hal_flash_ex.o Drivers\STM32F3xx_HAL_Driver\Src\stm32f3xx_hal_gpio.o Drivers\STM32F3xx_HAL_Driver\Src\stm32f3xx_hal_hrtim.o Drivers\STM32F3xx_HAL_Driver\Src\stm32f3xx_hal_i2c.o Drivers\STM32F3xx_HAL_Driver\Src\stm32f3xx_hal_i2c_ex.o Drivers\STM32F3xx_HAL_Driver\Src\stm32f3xx_hal_pwr.o Drivers\STM32F3xx_HAL_Driver\Src\stm32f3xx_hal_pwr_ex.o Drivers\STM32F3xx_HAL_Driver\Src\stm32f3xx_hal_rcc.o Drivers\STM32F3xx_HAL_Driver\Src\stm32f3xx_hal_rcc_ex.o Drivers\STM32F3xx_HAL_Driver\Src\stm32f3xx_hal_tim.o Drivers\STM32F3xx_HAL_Driver\Src\stm32f3xx_hal_tim_ex.o startup\startup_stm32f334x8.o -mthumb -mcpu=cortex-m4 -mfloat-abi=hard -mfpu=fpv4-sp-d16 -T../Debug_STM32F334C8_FLASH.ld -specs=nosys.specs -static -Wl,-Map=AUTO_PID_F3.map -Wl,--gc-sections -Wl,--defsym=malloc_getpagesize_P=0x80 -Wl,--start-group -lc -lm -Wl,--end-group -specs=nano.specs 
C:\Program Files (x86)\Atollic\TrueSTUDIO for STM32 9.3.0\ide\jre\bin\java -jar C:\Program Files (x86)\Atollic\TrueSTUDIO for STM32 9.3.0\Tools\arm-atollic-reports.jar sizeinfo list AUTO_PID_F3.elf 
Generate build reports...
Print size information
   text	   data	    bss	    dec	    hex	filename
  15756	     20	    592	  16368	   3ff0	AUTO_PID_F3.elf
Print size information done
Generate listing file
Output sent to: AUTO_PID_F3.list
Generate listing file done
Generate build reports done
arm-atollic-eabi-objcopy.exe -O ihex AUTO_PID_F3.elf AUTO_PID_F3.hex 
Info: Nothing to build for AUTO_PID_F3
21:58:57 **** Incremental Build of configuration Debug for project AUTO_PID_F3 ****
Info: Internal Builder is used for build
arm-atollic-eabi-gcc -c -mthumb -mcpu=cortex-m4 -mfloat-abi=hard -mfpu=fpv4-sp-d16 -std=gnu11 -DUSE_HAL_DRIVER -DSTM32F334x8 -I../Core/Inc -I../Drivers/STM32F3xx_HAL_Driver/Inc -I../Drivers/STM32F3xx_HAL_Driver/Inc/Legacy -I../Drivers/CMSIS/Device/ST/STM32F3xx/Include -I../Drivers/CMSIS/Include -O0 -ffunction-sections -fdata-sections -g -fstack-usage -Wall -specs=nano.specs -o Core\Src\main.o ..\Core\Src\main.c 
..\Core\Src\main.c: In function 'main':
..\Core\Src\main.c:108:5: warning: variable 'ii' set but not used [-Wunused-but-set-variable]
 int ii;
     ^~
arm-atollic-eabi-gcc -o AUTO_PID_F3.elf Core\Src\adc.o Core\Src\dma.o Core\Src\gpio.o Core\Src\hrtim.o Core\Src\main.o Core\Src\stm32f3xx_hal_msp.o Core\Src\stm32f3xx_it.o Core\Src\syscalls.o Core\Src\system_stm32f3xx.o Core\Src\tim.o Drivers\STM32F3xx_HAL_Driver\Src\stm32f3xx_hal.o Drivers\STM32F3xx_HAL_Driver\Src\stm32f3xx_hal_adc.o Drivers\STM32F3xx_HAL_Driver\Src\stm32f3xx_hal_adc_ex.o Drivers\STM32F3xx_HAL_Driver\Src\stm32f3xx_hal_cortex.o Drivers\STM32F3xx_HAL_Driver\Src\stm32f3xx_hal_dma.o Drivers\STM32F3xx_HAL_Driver\Src\stm32f3xx_hal_exti.o Drivers\STM32F3xx_HAL_Driver\Src\stm32f3xx_hal_flash.o Drivers\STM32F3xx_HAL_Driver\Src\stm32f3xx_hal_flash_ex.o Drivers\STM32F3xx_HAL_Driver\Src\stm32f3xx_hal_gpio.o Drivers\STM32F3xx_HAL_Driver\Src\stm32f3xx_hal_hrtim.o Drivers\STM32F3xx_HAL_Driver\Src\stm32f3xx_hal_i2c.o Drivers\STM32F3xx_HAL_Driver\Src\stm32f3xx_hal_i2c_ex.o Drivers\STM32F3xx_HAL_Driver\Src\stm32f3xx_hal_pwr.o Drivers\STM32F3xx_HAL_Driver\Src\stm32f3xx_hal_pwr_ex.o Drivers\STM32F3xx_HAL_Driver\Src\stm32f3xx_hal_rcc.o Drivers\STM32F3xx_HAL_Driver\Src\stm32f3xx_hal_rcc_ex.o Drivers\STM32F3xx_HAL_Driver\Src\stm32f3xx_hal_tim.o Drivers\STM32F3xx_HAL_Driver\Src\stm32f3xx_hal_tim_ex.o startup\startup_stm32f334x8.o -mthumb -mcpu=cortex-m4 -mfloat-abi=hard -mfpu=fpv4-sp-d16 -T../Debug_STM32F334C8_FLASH.ld -specs=nosys.specs -static -Wl,-Map=AUTO_PID_F3.map -Wl,--gc-sections -Wl,--defsym=malloc_getpagesize_P=0x80 -Wl,--start-group -lc -lm -Wl,--end-group -specs=nano.specs 
C:\Program Files (x86)\Atollic\TrueSTUDIO for STM32 9.3.0\ide\jre\bin\java -jar C:\Program Files (x86)\Atollic\TrueSTUDIO for STM32 9.3.0\Tools\arm-atollic-reports.jar sizeinfo list AUTO_PID_F3.elf 
Generate build reports...
Print size information
   text	   data	    bss	    dec	    hex	filename
  15832	     20	    592	  16444	   403c	AUTO_PID_F3.elf
Print size information done
Generate listing file
Output sent to: AUTO_PID_F3.list
Generate listing file done
Generate build reports done
arm-atollic-eabi-objcopy.exe -O ihex AUTO_PID_F3.elf AUTO_PID_F3.hex 
Info: Nothing to build for AUTO_PID_F3
Info: Nothing to build for AUTO_PID_F3
22:03:09 **** Incremental Build of configuration Debug for project AUTO_PID_F3 ****
Info: Internal Builder is used for build
arm-atollic-eabi-gcc -c -mthumb -mcpu=cortex-m4 -mfloat-abi=hard -mfpu=fpv4-sp-d16 -std=gnu11 -DUSE_HAL_DRIVER -DSTM32F334x8 -I../Core/Inc -I../Drivers/STM32F3xx_HAL_Driver/Inc -I../Drivers/STM32F3xx_HAL_Driver/Inc/Legacy -I../Drivers/CMSIS/Device/ST/STM32F3xx/Include -I../Drivers/CMSIS/Include -O0 -ffunction-sections -fdata-sections -g -fstack-usage -Wall -specs=nano.specs -o Core\Src\main.o ..\Core\Src\main.c 
..\Core\Src\main.c: In function 'main':
..\Core\Src\main.c:108:5: warning: variable 'ii' set but not used [-Wunused-but-set-variable]
 int ii;
     ^~
arm-atollic-eabi-gcc -o AUTO_PID_F3.elf Core\Src\adc.o Core\Src\dma.o Core\Src\gpio.o Core\Src\hrtim.o Core\Src\main.o Core\Src\stm32f3xx_hal_msp.o Core\Src\stm32f3xx_it.o Core\Src\syscalls.o Core\Src\system_stm32f3xx.o Core\Src\tim.o Drivers\STM32F3xx_HAL_Driver\Src\stm32f3xx_hal.o Drivers\STM32F3xx_HAL_Driver\Src\stm32f3xx_hal_adc.o Drivers\STM32F3xx_HAL_Driver\Src\stm32f3xx_hal_adc_ex.o Drivers\STM32F3xx_HAL_Driver\Src\stm32f3xx_hal_cortex.o Drivers\STM32F3xx_HAL_Driver\Src\stm32f3xx_hal_dma.o Drivers\STM32F3xx_HAL_Driver\Src\stm32f3xx_hal_exti.o Drivers\STM32F3xx_HAL_Driver\Src\stm32f3xx_hal_flash.o Drivers\STM32F3xx_HAL_Driver\Src\stm32f3xx_hal_flash_ex.o Drivers\STM32F3xx_HAL_Driver\Src\stm32f3xx_hal_gpio.o Drivers\STM32F3xx_HAL_Driver\Src\stm32f3xx_hal_hrtim.o Drivers\STM32F3xx_HAL_Driver\Src\stm32f3xx_hal_i2c.o Drivers\STM32F3xx_HAL_Driver\Src\stm32f3xx_hal_i2c_ex.o Drivers\STM32F3xx_HAL_Driver\Src\stm32f3xx_hal_pwr.o Drivers\STM32F3xx_HAL_Driver\Src\stm32f3xx_hal_pwr_ex.o Drivers\STM32F3xx_HAL_Driver\Src\stm32f3xx_hal_rcc.o Drivers\STM32F3xx_HAL_Driver\Src\stm32f3xx_hal_rcc_ex.o Drivers\STM32F3xx_HAL_Driver\Src\stm32f3xx_hal_tim.o Drivers\STM32F3xx_HAL_Driver\Src\stm32f3xx_hal_tim_ex.o startup\startup_stm32f334x8.o -mthumb -mcpu=cortex-m4 -mfloat-abi=hard -mfpu=fpv4-sp-d16 -T../Debug_STM32F334C8_FLASH.ld -specs=nosys.specs -static -Wl,-Map=AUTO_PID_F3.map -Wl,--gc-sections -Wl,--defsym=malloc_getpagesize_P=0x80 -Wl,--start-group -lc -lm -Wl,--end-group -specs=nano.specs 
C:\Program Files (x86)\Atollic\TrueSTUDIO for STM32 9.3.0\ide\jre\bin\java -jar C:\Program Files (x86)\Atollic\TrueSTUDIO for STM32 9.3.0\Tools\arm-atollic-reports.jar sizeinfo list AUTO_PID_F3.elf 
Generate build reports...
Print size information
   text	   data	    bss	    dec	    hex	filename
  15964	     44	    592	  16600	   40d8	AUTO_PID_F3.elf
Print size information done
Generate listing file
Output sent to: AUTO_PID_F3.list
Generate listing file done
Generate build reports done
arm-atollic-eabi-objcopy.exe -O ihex AUTO_PID_F3.elf AUTO_PID_F3.hex 
22:04:03 **** Incremental Build of configuration Debug for project AUTO_PID_F3 ****
Info: Internal Builder is used for build
arm-atollic-eabi-gcc -c -mthumb -mcpu=cortex-m4 -mfloat-abi=hard -mfpu=fpv4-sp-d16 -std=gnu11 -DUSE_HAL_DRIVER -DSTM32F334x8 -I../Core/Inc -I../Drivers/STM32F3xx_HAL_Driver/Inc -I../Drivers/STM32F3xx_HAL_Driver/Inc/Legacy -I../Drivers/CMSIS/Device/ST/STM32F3xx/Include -I../Drivers/CMSIS/Include -O0 -ffunction-sections -fdata-sections -g -fstack-usage -Wall -specs=nano.specs -o Core\Src\hrtim.o ..\Core\Src\hrtim.c 
arm-atollic-eabi-gcc -o AUTO_PID_F3.elf Core\Src\adc.o Core\Src\dma.o Core\Src\gpio.o Core\Src\hrtim.o Core\Src\main.o Core\Src\stm32f3xx_hal_msp.o Core\Src\stm32f3xx_it.o Core\Src\syscalls.o Core\Src\system_stm32f3xx.o Core\Src\tim.o Drivers\STM32F3xx_HAL_Driver\Src\stm32f3xx_hal.o Drivers\STM32F3xx_HAL_Driver\Src\stm32f3xx_hal_adc.o Drivers\STM32F3xx_HAL_Driver\Src\stm32f3xx_hal_adc_ex.o Drivers\STM32F3xx_HAL_Driver\Src\stm32f3xx_hal_cortex.o Drivers\STM32F3xx_HAL_Driver\Src\stm32f3xx_hal_dma.o Drivers\STM32F3xx_HAL_Driver\Src\stm32f3xx_hal_exti.o Drivers\STM32F3xx_HAL_Driver\Src\stm32f3xx_hal_flash.o Drivers\STM32F3xx_HAL_Driver\Src\stm32f3xx_hal_flash_ex.o Drivers\STM32F3xx_HAL_Driver\Src\stm32f3xx_hal_gpio.o Drivers\STM32F3xx_HAL_Driver\Src\stm32f3xx_hal_hrtim.o Drivers\STM32F3xx_HAL_Driver\Src\stm32f3xx_hal_i2c.o Drivers\STM32F3xx_HAL_Driver\Src\stm32f3xx_hal_i2c_ex.o Drivers\STM32F3xx_HAL_Driver\Src\stm32f3xx_hal_pwr.o Drivers\STM32F3xx_HAL_Driver\Src\stm32f3xx_hal_pwr_ex.o Drivers\STM32F3xx_HAL_Driver\Src\stm32f3xx_hal_rcc.o Drivers\STM32F3xx_HAL_Driver\Src\stm32f3xx_hal_rcc_ex.o Drivers\STM32F3xx_HAL_Driver\Src\stm32f3xx_hal_tim.o Drivers\STM32F3xx_HAL_Driver\Src\stm32f3xx_hal_tim_ex.o startup\startup_stm32f334x8.o -mthumb -mcpu=cortex-m4 -mfloat-abi=hard -mfpu=fpv4-sp-d16 -T../Debug_STM32F334C8_FLASH.ld -specs=nosys.specs -static -Wl,-Map=AUTO_PID_F3.map -Wl,--gc-sections -Wl,--defsym=malloc_getpagesize_P=0x80 -Wl,--start-group -lc -lm -Wl,--end-group -specs=nano.specs 
C:\Program Files (x86)\Atollic\TrueSTUDIO for STM32 9.3.0\ide\jre\bin\java -jar C:\Program Files (x86)\Atollic\TrueSTUDIO for STM32 9.3.0\Tools\arm-atollic-reports.jar sizeinfo list AUTO_PID_F3.elf 
Generate build reports...
Print size information
   text	   data	    bss	    dec	    hex	filename
  15964	     44	    592	  16600	   40d8	AUTO_PID_F3.elf
Print size information done
Generate listing file
Output sent to: AUTO_PID_F3.list
Generate listing file done
Generate build reports done
arm-atollic-eabi-objcopy.exe -O ihex AUTO_PID_F3.elf AUTO_PID_F3.hex 
22:05:12 **** Incremental Build of configuration Debug for project AUTO_PID_F3 ****
Info: Internal Builder is used for build
arm-atollic-eabi-gcc -c -mthumb -mcpu=cortex-m4 -mfloat-abi=hard -mfpu=fpv4-sp-d16 -std=gnu11 -DUSE_HAL_DRIVER -DSTM32F334x8 -I../Core/Inc -I../Drivers/STM32F3xx_HAL_Driver/Inc -I../Drivers/STM32F3xx_HAL_Driver/Inc/Legacy -I../Drivers/CMSIS/Device/ST/STM32F3xx/Include -I../Drivers/CMSIS/Include -O0 -ffunction-sections -fdata-sections -g -fstack-usage -Wall -specs=nano.specs -o Core\Src\adc.o ..\Core\Src\adc.c 
arm-atollic-eabi-gcc -c -mthumb -mcpu=cortex-m4 -mfloat-abi=hard -mfpu=fpv4-sp-d16 -std=gnu11 -DUSE_HAL_DRIVER -DSTM32F334x8 -I../Core/Inc -I../Drivers/STM32F3xx_HAL_Driver/Inc -I../Drivers/STM32F3xx_HAL_Driver/Inc/Legacy -I../Drivers/CMSIS/Device/ST/STM32F3xx/Include -I../Drivers/CMSIS/Include -O0 -ffunction-sections -fdata-sections -g -fstack-usage -Wall -specs=nano.specs -o Core\Src\main.o ..\Core\Src\main.c 
arm-atollic-eabi-gcc -o AUTO_PID_F3.elf Core\Src\adc.o Core\Src\dma.o Core\Src\gpio.o Core\Src\hrtim.o Core\Src\main.o Core\Src\stm32f3xx_hal_msp.o Core\Src\stm32f3xx_it.o Core\Src\syscalls.o Core\Src\system_stm32f3xx.o Core\Src\tim.o Drivers\STM32F3xx_HAL_Driver\Src\stm32f3xx_hal.o Drivers\STM32F3xx_HAL_Driver\Src\stm32f3xx_hal_adc.o Drivers\STM32F3xx_HAL_Driver\Src\stm32f3xx_hal_adc_ex.o Drivers\STM32F3xx_HAL_Driver\Src\stm32f3xx_hal_cortex.o Drivers\STM32F3xx_HAL_Driver\Src\stm32f3xx_hal_dma.o Drivers\STM32F3xx_HAL_Driver\Src\stm32f3xx_hal_exti.o Drivers\STM32F3xx_HAL_Driver\Src\stm32f3xx_hal_flash.o Drivers\STM32F3xx_HAL_Driver\Src\stm32f3xx_hal_flash_ex.o Drivers\STM32F3xx_HAL_Driver\Src\stm32f3xx_hal_gpio.o Drivers\STM32F3xx_HAL_Driver\Src\stm32f3xx_hal_hrtim.o Drivers\STM32F3xx_HAL_Driver\Src\stm32f3xx_hal_i2c.o Drivers\STM32F3xx_HAL_Driver\Src\stm32f3xx_hal_i2c_ex.o Drivers\STM32F3xx_HAL_Driver\Src\stm32f3xx_hal_pwr.o Drivers\STM32F3xx_HAL_Driver\Src\stm32f3xx_hal_pwr_ex.o Drivers\STM32F3xx_HAL_Driver\Src\stm32f3xx_hal_rcc.o Drivers\STM32F3xx_HAL_Driver\Src\stm32f3xx_hal_rcc_ex.o Drivers\STM32F3xx_HAL_Driver\Src\stm32f3xx_hal_tim.o Drivers\STM32F3xx_HAL_Driver\Src\stm32f3xx_hal_tim_ex.o startup\startup_stm32f334x8.o -mthumb -mcpu=cortex-m4 -mfloat-abi=hard -mfpu=fpv4-sp-d16 -T../Debug_STM32F334C8_FLASH.ld -specs=nosys.specs -static -Wl,-Map=AUTO_PID_F3.map -Wl,--gc-sections -Wl,--defsym=malloc_getpagesize_P=0x80 -Wl,--start-group -lc -lm -Wl,--end-group -specs=nano.specs 
C:\Program Files (x86)\Atollic\TrueSTUDIO for STM32 9.3.0\ide\jre\bin\java -jar C:\Program Files (x86)\Atollic\TrueSTUDIO for STM32 9.3.0\Tools\arm-atollic-reports.jar sizeinfo list AUTO_PID_F3.elf 
Generate build reports...
Print size information
   text	   data	    bss	    dec	    hex	filename
  16548	     44	    612	  17204	   4334	AUTO_PID_F3.elf
Print size information done
Generate listing file
Output sent to: AUTO_PID_F3.list
Generate listing file done
Generate build reports done
arm-atollic-eabi-objcopy.exe -O ihex AUTO_PID_F3.elf AUTO_PID_F3.hex 
