15:58:34 **** Incremental Build of configuration Debug for project STM32F3348-Discovery ****
Info: Internal Builder is used for build
arm-atollic-eabi-gcc -c ..\..\..\..\..\..\..\..\Drivers\STM32F3xx_HAL_Driver\Src\stm32f3xx_hal_dma.c -mthumb -mcpu=cortex-m4 -mfloat-abi=hard -mfpu=fpv4-sp-d16 -std=gnu11 -DSTM32F334x8 -DUSE_HAL_DRIVER -DUSE_STM32F3348_DISCO -I../../../Inc -I../../../../../../../../Drivers/CMSIS/Device/ST/STM32F3xx/Include -I../../../../../../../../Drivers/STM32F3xx_HAL_Driver/Inc -I../../../../../../../../Drivers/BSP/STM32F3348-Discovery -I../../../../../../../../Drivers/CMSIS/Include -O0 -ffunction-sections -g3 -fstack-usage -Wall -fmessage-length=0 -specs=nano.specs -o Drivers\STM32F3xx_HAL_Driver\stm32f3xx_hal_dma.o 
arm-atollic-eabi-gcc -c ..\..\..\..\..\..\..\..\Drivers\STM32F3xx_HAL_Driver\Src\stm32f3xx_hal_cortex.c -mthumb -mcpu=cortex-m4 -mfloat-abi=hard -mfpu=fpv4-sp-d16 -std=gnu11 -DSTM32F334x8 -DUSE_HAL_DRIVER -DUSE_STM32F3348_DISCO -I../../../Inc -I../../../../../../../../Drivers/CMSIS/Device/ST/STM32F3xx/Include -I../../../../../../../../Drivers/STM32F3xx_HAL_Driver/Inc -I../../../../../../../../Drivers/BSP/STM32F3348-Discovery -I../../../../../../../../Drivers/CMSIS/Include -O0 -ffunction-sections -g3 -fstack-usage -Wall -fmessage-length=0 -specs=nano.specs -o Drivers\STM32F3xx_HAL_Driver\stm32f3xx_hal_cortex.o 
arm-atollic-eabi-gcc -c ..\..\..\..\..\..\..\..\Drivers\STM32F3xx_HAL_Driver\Src\stm32f3xx_hal_adc.c -mthumb -mcpu=cortex-m4 -mfloat-abi=hard -mfpu=fpv4-sp-d16 -std=gnu11 -DSTM32F334x8 -DUSE_HAL_DRIVER -DUSE_STM32F3348_DISCO -I../../../Inc -I../../../../../../../../Drivers/CMSIS/Device/ST/STM32F3xx/Include -I../../../../../../../../Drivers/STM32F3xx_HAL_Driver/Inc -I../../../../../../../../Drivers/BSP/STM32F3348-Discovery -I../../../../../../../../Drivers/CMSIS/Include -O0 -ffunction-sections -g3 -fstack-usage -Wall -fmessage-length=0 -specs=nano.specs -o Drivers\STM32F3xx_HAL_Driver\stm32f3xx_hal_adc.o 
arm-atollic-eabi-gcc -c ..\..\..\..\..\..\..\..\Drivers\STM32F3xx_HAL_Driver\Src\stm32f3xx_hal_pwr.c -mthumb -mcpu=cortex-m4 -mfloat-abi=hard -mfpu=fpv4-sp-d16 -std=gnu11 -DSTM32F334x8 -DUSE_HAL_DRIVER -DUSE_STM32F3348_DISCO -I../../../Inc -I../../../../../../../../Drivers/CMSIS/Device/ST/STM32F3xx/Include -I../../../../../../../../Drivers/STM32F3xx_HAL_Driver/Inc -I../../../../../../../../Drivers/BSP/STM32F3348-Discovery -I../../../../../../../../Drivers/CMSIS/Include -O0 -ffunction-sections -g3 -fstack-usage -Wall -fmessage-length=0 -specs=nano.specs -o Drivers\STM32F3xx_HAL_Driver\stm32f3xx_hal_pwr.o 
arm-atollic-eabi-gcc -c ..\..\..\..\..\..\..\..\Drivers\STM32F3xx_HAL_Driver\Src\stm32f3xx_hal_flash.c -mthumb -mcpu=cortex-m4 -mfloat-abi=hard -mfpu=fpv4-sp-d16 -std=gnu11 -DSTM32F334x8 -DUSE_HAL_DRIVER -DUSE_STM32F3348_DISCO -I../../../Inc -I../../../../../../../../Drivers/CMSIS/Device/ST/STM32F3xx/Include -I../../../../../../../../Drivers/STM32F3xx_HAL_Driver/Inc -I../../../../../../../../Drivers/BSP/STM32F3348-Discovery -I../../../../../../../../Drivers/CMSIS/Include -O0 -ffunction-sections -g3 -fstack-usage -Wall -fmessage-length=0 -specs=nano.specs -o Drivers\STM32F3xx_HAL_Driver\stm32f3xx_hal_flash.o 
arm-atollic-eabi-gcc -c ..\..\..\..\..\..\..\..\Drivers\STM32F3xx_HAL_Driver\Src\stm32f3xx_hal_rcc_ex.c -mthumb -mcpu=cortex-m4 -mfloat-abi=hard -mfpu=fpv4-sp-d16 -std=gnu11 -DSTM32F334x8 -DUSE_HAL_DRIVER -DUSE_STM32F3348_DISCO -I../../../Inc -I../../../../../../../../Drivers/CMSIS/Device/ST/STM32F3xx/Include -I../../../../../../../../Drivers/STM32F3xx_HAL_Driver/Inc -I../../../../../../../../Drivers/BSP/STM32F3348-Discovery -I../../../../../../../../Drivers/CMSIS/Include -O0 -ffunction-sections -g3 -fstack-usage -Wall -fmessage-length=0 -specs=nano.specs -o Drivers\STM32F3xx_HAL_Driver\stm32f3xx_hal_rcc_ex.o 
arm-atollic-eabi-gcc -c ..\..\..\..\..\..\..\..\Drivers\STM32F3xx_HAL_Driver\Src\stm32f3xx_hal_hrtim.c -mthumb -mcpu=cortex-m4 -mfloat-abi=hard -mfpu=fpv4-sp-d16 -std=gnu11 -DSTM32F334x8 -DUSE_HAL_DRIVER -DUSE_STM32F3348_DISCO -I../../../Inc -I../../../../../../../../Drivers/CMSIS/Device/ST/STM32F3xx/Include -I../../../../../../../../Drivers/STM32F3xx_HAL_Driver/Inc -I../../../../../../../../Drivers/BSP/STM32F3348-Discovery -I../../../../../../../../Drivers/CMSIS/Include -O0 -ffunction-sections -g3 -fstack-usage -Wall -fmessage-length=0 -specs=nano.specs -o Drivers\STM32F3xx_HAL_Driver\stm32f3xx_hal_hrtim.o 
arm-atollic-eabi-gcc -c ..\..\..\..\..\..\..\..\Drivers\STM32F3xx_HAL_Driver\Src\stm32f3xx_hal_adc_ex.c -mthumb -mcpu=cortex-m4 -mfloat-abi=hard -mfpu=fpv4-sp-d16 -std=gnu11 -DSTM32F334x8 -DUSE_HAL_DRIVER -DUSE_STM32F3348_DISCO -I../../../Inc -I../../../../../../../../Drivers/CMSIS/Device/ST/STM32F3xx/Include -I../../../../../../../../Drivers/STM32F3xx_HAL_Driver/Inc -I../../../../../../../../Drivers/BSP/STM32F3348-Discovery -I../../../../../../../../Drivers/CMSIS/Include -O0 -ffunction-sections -g3 -fstack-usage -Wall -fmessage-length=0 -specs=nano.specs -o Drivers\STM32F3xx_HAL_Driver\stm32f3xx_hal_adc_ex.o 
arm-atollic-eabi-gcc -c ..\..\..\..\..\..\..\..\Drivers\STM32F3xx_HAL_Driver\Src\stm32f3xx_hal_spi.c -mthumb -mcpu=cortex-m4 -mfloat-abi=hard -mfpu=fpv4-sp-d16 -std=gnu11 -DSTM32F334x8 -DUSE_HAL_DRIVER -DUSE_STM32F3348_DISCO -I../../../Inc -I../../../../../../../../Drivers/CMSIS/Device/ST/STM32F3xx/Include -I../../../../../../../../Drivers/STM32F3xx_HAL_Driver/Inc -I../../../../../../../../Drivers/BSP/STM32F3348-Discovery -I../../../../../../../../Drivers/CMSIS/Include -O0 -ffunction-sections -g3 -fstack-usage -Wall -fmessage-length=0 -specs=nano.specs -o Drivers\STM32F3xx_HAL_Driver\stm32f3xx_hal_spi.o 
arm-atollic-eabi-gcc -c ..\..\..\Src\system_stm32f3xx.c -mthumb -mcpu=cortex-m4 -mfloat-abi=hard -mfpu=fpv4-sp-d16 -std=gnu11 -DSTM32F334x8 -DUSE_HAL_DRIVER -DUSE_STM32F3348_DISCO -I../../../Inc -I../../../../../../../../Drivers/CMSIS/Device/ST/STM32F3xx/Include -I../../../../../../../../Drivers/STM32F3xx_HAL_Driver/Inc -I../../../../../../../../Drivers/BSP/STM32F3348-Discovery -I../../../../../../../../Drivers/CMSIS/Include -O0 -ffunction-sections -g3 -fstack-usage -Wall -fmessage-length=0 -specs=nano.specs -o Drivers\CMSIS\system_stm32f3xx.o 
arm-atollic-eabi-gcc -c ..\..\..\..\..\..\..\..\Drivers\STM32F3xx_HAL_Driver\Src\stm32f3xx_hal_rcc.c -mthumb -mcpu=cortex-m4 -mfloat-abi=hard -mfpu=fpv4-sp-d16 -std=gnu11 -DSTM32F334x8 -DUSE_HAL_DRIVER -DUSE_STM32F3348_DISCO -I../../../Inc -I../../../../../../../../Drivers/CMSIS/Device/ST/STM32F3xx/Include -I../../../../../../../../Drivers/STM32F3xx_HAL_Driver/Inc -I../../../../../../../../Drivers/BSP/STM32F3348-Discovery -I../../../../../../../../Drivers/CMSIS/Include -O0 -ffunction-sections -g3 -fstack-usage -Wall -fmessage-length=0 -specs=nano.specs -o Drivers\STM32F3xx_HAL_Driver\stm32f3xx_hal_rcc.o 
arm-atollic-eabi-gcc -c ..\..\..\Src\stm32f3xx_it.c -mthumb -mcpu=cortex-m4 -mfloat-abi=hard -mfpu=fpv4-sp-d16 -std=gnu11 -DSTM32F334x8 -DUSE_HAL_DRIVER -DUSE_STM32F3348_DISCO -I../../../Inc -I../../../../../../../../Drivers/CMSIS/Device/ST/STM32F3xx/Include -I../../../../../../../../Drivers/STM32F3xx_HAL_Driver/Inc -I../../../../../../../../Drivers/BSP/STM32F3348-Discovery -I../../../../../../../../Drivers/CMSIS/Include -O0 -ffunction-sections -g3 -fstack-usage -Wall -fmessage-length=0 -specs=nano.specs -o Example\User\stm32f3xx_it.o 
arm-atollic-eabi-gcc -c ..\..\..\..\..\..\..\..\Drivers\STM32F3xx_HAL_Driver\Src\stm32f3xx_hal.c -mthumb -mcpu=cortex-m4 -mfloat-abi=hard -mfpu=fpv4-sp-d16 -std=gnu11 -DSTM32F334x8 -DUSE_HAL_DRIVER -DUSE_STM32F3348_DISCO -I../../../Inc -I../../../../../../../../Drivers/CMSIS/Device/ST/STM32F3xx/Include -I../../../../../../../../Drivers/STM32F3xx_HAL_Driver/Inc -I../../../../../../../../Drivers/BSP/STM32F3348-Discovery -I../../../../../../../../Drivers/CMSIS/Include -O0 -ffunction-sections -g3 -fstack-usage -Wall -fmessage-length=0 -specs=nano.specs -o Drivers\STM32F3xx_HAL_Driver\stm32f3xx_hal.o 
arm-atollic-eabi-gcc -c ..\..\..\Src\stm32f3xx_hal_msp.c -mthumb -mcpu=cortex-m4 -mfloat-abi=hard -mfpu=fpv4-sp-d16 -std=gnu11 -DSTM32F334x8 -DUSE_HAL_DRIVER -DUSE_STM32F3348_DISCO -I../../../Inc -I../../../../../../../../Drivers/CMSIS/Device/ST/STM32F3xx/Include -I../../../../../../../../Drivers/STM32F3xx_HAL_Driver/Inc -I../../../../../../../../Drivers/BSP/STM32F3348-Discovery -I../../../../../../../../Drivers/CMSIS/Include -O0 -ffunction-sections -g3 -fstack-usage -Wall -fmessage-length=0 -specs=nano.specs -o Example\User\stm32f3xx_hal_msp.o 
arm-atollic-eabi-gcc -c ..\..\..\..\..\..\..\..\Drivers\STM32F3xx_HAL_Driver\Src\stm32f3xx_hal_pwr_ex.c -mthumb -mcpu=cortex-m4 -mfloat-abi=hard -mfpu=fpv4-sp-d16 -std=gnu11 -DSTM32F334x8 -DUSE_HAL_DRIVER -DUSE_STM32F3348_DISCO -I../../../Inc -I../../../../../../../../Drivers/CMSIS/Device/ST/STM32F3xx/Include -I../../../../../../../../Drivers/STM32F3xx_HAL_Driver/Inc -I../../../../../../../../Drivers/BSP/STM32F3348-Discovery -I../../../../../../../../Drivers/CMSIS/Include -O0 -ffunction-sections -g3 -fstack-usage -Wall -fmessage-length=0 -specs=nano.specs -o Drivers\STM32F3xx_HAL_Driver\stm32f3xx_hal_pwr_ex.o 
arm-atollic-eabi-gcc -c ..\..\..\Src\main.c -mthumb -mcpu=cortex-m4 -mfloat-abi=hard -mfpu=fpv4-sp-d16 -std=gnu11 -DSTM32F334x8 -DUSE_HAL_DRIVER -DUSE_STM32F3348_DISCO -I../../../Inc -I../../../../../../../../Drivers/CMSIS/Device/ST/STM32F3xx/Include -I../../../../../../../../Drivers/STM32F3xx_HAL_Driver/Inc -I../../../../../../../../Drivers/BSP/STM32F3348-Discovery -I../../../../../../../../Drivers/CMSIS/Include -O0 -ffunction-sections -g3 -fstack-usage -Wall -fmessage-length=0 -specs=nano.specs -o Example\User\main.o 
arm-atollic-eabi-gcc -c ..\..\..\..\..\..\..\..\Drivers\BSP\STM32F3348-Discovery\stm32f3348_discovery.c -mthumb -mcpu=cortex-m4 -mfloat-abi=hard -mfpu=fpv4-sp-d16 -std=gnu11 -DSTM32F334x8 -DUSE_HAL_DRIVER -DUSE_STM32F3348_DISCO -I../../../Inc -I../../../../../../../../Drivers/CMSIS/Device/ST/STM32F3xx/Include -I../../../../../../../../Drivers/STM32F3xx_HAL_Driver/Inc -I../../../../../../../../Drivers/BSP/STM32F3348-Discovery -I../../../../../../../../Drivers/CMSIS/Include -O0 -ffunction-sections -g3 -fstack-usage -Wall -fmessage-length=0 -specs=nano.specs -o Drivers\BSP\STM32F3348-Discovery\stm32f3348_discovery.o 
arm-atollic-eabi-gcc -c ..\..\..\..\..\..\..\..\Drivers\STM32F3xx_HAL_Driver\Src\stm32f3xx_hal_gpio.c -mthumb -mcpu=cortex-m4 -mfloat-abi=hard -mfpu=fpv4-sp-d16 -std=gnu11 -DSTM32F334x8 -DUSE_HAL_DRIVER -DUSE_STM32F3348_DISCO -I../../../Inc -I../../../../../../../../Drivers/CMSIS/Device/ST/STM32F3xx/Include -I../../../../../../../../Drivers/STM32F3xx_HAL_Driver/Inc -I../../../../../../../../Drivers/BSP/STM32F3348-Discovery -I../../../../../../../../Drivers/CMSIS/Include -O0 -ffunction-sections -g3 -fstack-usage -Wall -fmessage-length=0 -specs=nano.specs -o Drivers\STM32F3xx_HAL_Driver\stm32f3xx_hal_gpio.o 
arm-atollic-eabi-gcc -o STM32F3348-Discovery.elf Drivers\BSP\STM32F3348-Discovery\stm32f3348_discovery.o Drivers\CMSIS\system_stm32f3xx.o Drivers\STM32F3xx_HAL_Driver\stm32f3xx_hal.o Drivers\STM32F3xx_HAL_Driver\stm32f3xx_hal_adc.o Drivers\STM32F3xx_HAL_Driver\stm32f3xx_hal_adc_ex.o Drivers\STM32F3xx_HAL_Driver\stm32f3xx_hal_cortex.o Drivers\STM32F3xx_HAL_Driver\stm32f3xx_hal_dma.o Drivers\STM32F3xx_HAL_Driver\stm32f3xx_hal_flash.o Drivers\STM32F3xx_HAL_Driver\stm32f3xx_hal_gpio.o Drivers\STM32F3xx_HAL_Driver\stm32f3xx_hal_hrtim.o Drivers\STM32F3xx_HAL_Driver\stm32f3xx_hal_pwr.o Drivers\STM32F3xx_HAL_Driver\stm32f3xx_hal_pwr_ex.o Drivers\STM32F3xx_HAL_Driver\stm32f3xx_hal_rcc.o Drivers\STM32F3xx_HAL_Driver\stm32f3xx_hal_rcc_ex.o Drivers\STM32F3xx_HAL_Driver\stm32f3xx_hal_spi.o Example\SW4STM32\startup_stm32f334x8.o Example\User\main.o Example\User\stm32f3xx_hal_msp.o Example\User\stm32f3xx_it.o -mthumb -mcpu=cortex-m4 -mfloat-abi=hard -mfpu=fpv4-sp-d16 -T../STM32F334C8Tx_FLASH.ld -specs=nosys.specs -static -Wl,-Map=STM32F3348-Discovery.map -Wl,--gc-sections -Wl,--defsym=malloc_getpagesize_P=0x80 -Wl,--start-group -lc -lm -Wl,--end-group -specs=nano.specs 
C:\Program Files (x86)\Atollic\TrueSTUDIO for STM32 9.3.0\ide\jre\bin\java -jar C:\Program Files (x86)\Atollic\TrueSTUDIO for STM32 9.3.0\Tools\arm-atollic-reports.jar sizeinfo list STM32F3348-Discovery.elf 
Generate build reports...
Print size information
   text	   data	    bss	    dec	    hex	filename
  12332	     40	   1792	  14164	   3754	STM32F3348-Discovery.elf
Print size information done
Generate listing file
Output sent to: STM32F3348-Discovery.list
Generate listing file done
Generate build reports done

15:58:44 Build Finished (took 9s.137ms)

